add_integer module


>>> add_integer = __import__('0-add_integer').add_integer

for two positive integers
>>> add_integer(1, 2)
3

for positive and negative integers
>>> add_integer(100, -2)
98

for one argument only
>>> add_integer(2)
100

for integer and float numbers
>>> add_integer(100.3, -2)
98

for string value of b
>>> add_integer(4, "School")
Traceback (most recent call last):
	...
TypeError: b must be an integer

for string value of a
>>> add_integer("School", 89)
Traceback (most recent call last):
	...
TypeError: a must be an integer

for none value of a
>>> add_integer(None)
Traceback (most recent call last):
	...
TypeError: a must be an integer

for large numbers of a
>>> add_integer(float("inf"), 5)
Traceback (most recent call last):
	...
OverflowError: cannot convert float infinity to integer
